
> vibe-generated-app@1.0.0 dev
> vite --port 3000 --strictPort --host 0.0.0.0


  VITE v5.4.20  ready in 275 ms

  ➜  Local:   http://localhost:3000/
  ➜  Network: http://172.20.9.233:3000/
4:02:50 PM [vite] Pre-transform error: Transform failed with 1 error:
/home/workspace/src/components/Hero.jsx:29:2: ERROR: Expected ")" but found end of file
4:02:51 PM [vite] Internal server error: Transform failed with 1 error:
/home/workspace/src/components/Hero.jsx:29:2: ERROR: Expected ")" but found end of file
  Plugin: vite:esbuild
  File: /home/workspace/src/components/Hero.jsx:29:2
  
  Expected ")" but found end of file
  27 |        </div>
  28 |      </section>
  29 |    
     |    ^
  
      at failureErrorWithLog (/home/workspace/node_modules/esbuild/lib/main.js:1472:15)
      at /home/workspace/node_modules/esbuild/lib/main.js:755:50
      at responseCallbacks.<computed> (/home/workspace/node_modules/esbuild/lib/main.js:622:9)
      at handleIncomingPacket (/home/workspace/node_modules/esbuild/lib/main.js:677:12)
      at Socket.readFromStdout (/home/workspace/node_modules/esbuild/lib/main.js:600:7)
      at Socket.emit (node:events:508:28)
      at addChunk (node:internal/streams/readable:559:12)
      at readableAddChunkPushByteMode (node:internal/streams/readable:510:3)
      at Readable.push (node:internal/streams/readable:390:5)
      at Pipe.onStreamRead (node:internal/stream_base_commons:189:23)
4:02:51 PM [vite] Internal server error: Transform failed with 1 error:
/home/workspace/src/components/Hero.jsx:29:2: ERROR: Expected ")" but found end of file
  Plugin: vite:esbuild
  File: /home/workspace/src/components/Hero.jsx:29:2
  
  Expected ")" but found end of file
  27 |        </div>
  28 |      </section>
  29 |    
     |    ^
  
      at failureErrorWithLog (/home/workspace/node_modules/esbuild/lib/main.js:1472:15)
      at /home/workspace/node_modules/esbuild/lib/main.js:755:50
      at responseCallbacks.<computed> (/home/workspace/node_modules/esbuild/lib/main.js:622:9)
      at handleIncomingPacket (/home/workspace/node_modules/esbuild/lib/main.js:677:12)
      at Socket.readFromStdout (/home/workspace/node_modules/esbuild/lib/main.js:600:7)
      at Socket.emit (node:events:508:28)
      at addChunk (node:internal/streams/readable:559:12)
      at readableAddChunkPushByteMode (node:internal/streams/readable:510:3)
      at Readable.push (node:internal/streams/readable:390:5)
      at Pipe.onStreamRead (node:internal/stream_base_commons:189:23)
4:03:07 PM [vite] Internal server error: Transform failed with 1 error:
/home/workspace/src/components/Hero.jsx:29:2: ERROR: Expected ")" but found end of file
  Plugin: vite:esbuild
  File: /home/workspace/src/components/Hero.jsx:29:2
  
  Expected ")" but found end of file
  27 |        </div>
  28 |      </section>
  29 |    
     |    ^
  
      at failureErrorWithLog (/home/workspace/node_modules/esbuild/lib/main.js:1472:15)
      at /home/workspace/node_modules/esbuild/lib/main.js:755:50
      at responseCallbacks.<computed> (/home/workspace/node_modules/esbuild/lib/main.js:622:9)
      at handleIncomingPacket (/home/workspace/node_modules/esbuild/lib/main.js:677:12)
      at Socket.readFromStdout (/home/workspace/node_modules/esbuild/lib/main.js:600:7)
      at Socket.emit (node:events:508:28)
      at addChunk (node:internal/streams/readable:559:12)
      at readableAddChunkPushByteMode (node:internal/streams/readable:510:3)
      at Readable.push (node:internal/streams/readable:390:5)
      at Pipe.onStreamRead (node:internal/stream_base_commons:189:23)
4:03:13 PM [vite] Internal server error: Transform failed with 1 error:
/home/workspace/src/components/Hero.jsx:29:2: ERROR: Expected ")" but found end of file
  Plugin: vite:esbuild
  File: /home/workspace/src/components/Hero.jsx:29:2
  
  Expected ")" but found end of file
  27 |        </div>
  28 |      </section>
  29 |    
     |    ^
  
      at failureErrorWithLog (/home/workspace/node_modules/esbuild/lib/main.js:1472:15)
      at /home/workspace/node_modules/esbuild/lib/main.js:755:50
      at responseCallbacks.<computed> (/home/workspace/node_modules/esbuild/lib/main.js:622:9)
      at handleIncomingPacket (/home/workspace/node_modules/esbuild/lib/main.js:677:12)
      at Socket.readFromStdout (/home/workspace/node_modules/esbuild/lib/main.js:600:7)
      at Socket.emit (node:events:508:28)
      at addChunk (node:internal/streams/readable:559:12)
      at readableAddChunkPushByteMode (node:internal/streams/readable:510:3)
      at Readable.push (node:internal/streams/readable:390:5)
      at Pipe.onStreamRead (node:internal/stream_base_commons:189:23)
4:03:19 PM [vite] Internal server error: Transform failed with 1 error:
/home/workspace/src/components/Hero.jsx:29:2: ERROR: Expected ")" but found end of file
  Plugin: vite:esbuild
  File: /home/workspace/src/components/Hero.jsx:29:2
  
  Expected ")" but found end of file
  27 |        </div>
  28 |      </section>
  29 |    
     |    ^
  
      at failureErrorWithLog (/home/workspace/node_modules/esbuild/lib/main.js:1472:15)
      at /home/workspace/node_modules/esbuild/lib/main.js:755:50
      at responseCallbacks.<computed> (/home/workspace/node_modules/esbuild/lib/main.js:622:9)
      at handleIncomingPacket (/home/workspace/node_modules/esbuild/lib/main.js:677:12)
      at Socket.readFromStdout (/home/workspace/node_modules/esbuild/lib/main.js:600:7)
      at Socket.emit (node:events:508:28)
      at addChunk (node:internal/streams/readable:559:12)
      at readableAddChunkPushByteMode (node:internal/streams/readable:510:3)
      at Readable.push (node:internal/streams/readable:390:5)
      at Pipe.onStreamRead (node:internal/stream_base_commons:189:23)
